// Jest Snapshot v1, https://goo.gl/fbAQLP

exports[`Button Button should match to snapshot 1`] = `ShallowWrapper {}`;
