// Jest Snapshot v1, https://goo.gl/fbAQLP

exports[`ImageSelector ImageSelector should match to snapshot 1`] = `ShallowWrapper {}`;
